task: 0
task: 1
task: 2
task: 4
task: 5
task: 6
task: 3
task: 7
task: 8
task: 9
task: 11
task: 14
task: 12
task: 10
task: 13
task: 18
task: 19
task: 20
task: 16
task: 17
task: 22
task: 21
task: 25
task: 23
task: 24
task: 26
task: 29
task: 30
task: 31
task: 27
task: 15
task: 32
task: 33
task: 28
task: 34
task: 36
task: 37
task: 38
task: 39
task: 41
task: 40
task: 42
task: 44
task: 43
task: 46
task: 47
task: 48
task: 49
task: 50
task: 51
task: 53
task: 45
task: 54
task: 52
task: 56
task: 55
task: 57
task: 58
task: 59
task: 61
task: 60
task: 35
task: 63
task: 62
task: 64
task: 65
task: 66
task: 67
task: 68
task: 69
task: 70
task: 71
task: 72
task: 73
task: 74
task: 75
task: 76
task: 77
task: 78
task: 79
task: 80
task: 83
task: 81
task: 82
task: 84
task: 85
task: 89
task: 87
task: 91
task: 88
task: 90
task: 94
task: 86
task: 95
task: 92
task: 98
task: 96
task: 99
task: 93
task: 97
