Performing C++ SOURCE FILE Test CMAKE_HAVE_LIBC_PTHREAD failed with the following output:
Change Dir: /home/xgf/code/system-learning/cpp/week10/build-sanitize/CMakeFiles/CMakeTmp

Run Build Command(s):/usr/bin/make cmTC_66ad4/fast && /usr/bin/make -f CMakeFiles/cmTC_66ad4.dir/build.make CMakeFiles/cmTC_66ad4.dir/build
make[1]: Entering directory '/home/xgf/code/system-learning/cpp/week10/build-sanitize/CMakeFiles/CMakeTmp'
Building CXX object CMakeFiles/cmTC_66ad4.dir/src.cxx.o
/usr/bin/c++    -fsanitize=address,undefined -fno-omit-frame-pointer -DCMAKE_HAVE_LIBC_PTHREAD   -std=c++17 -o CMakeFiles/cmTC_66ad4.dir/src.cxx.o -c /home/xgf/code/system-learning/cpp/week10/build-sanitize/CMakeFiles/CMakeTmp/src.cxx
Linking CXX executable cmTC_66ad4
/usr/bin/cmake -E cmake_link_script CMakeFiles/cmTC_66ad4.dir/link.txt --verbose=1
/usr/bin/c++  -fsanitize=address,undefined -fno-omit-frame-pointer -DCMAKE_HAVE_LIBC_PTHREAD    CMakeFiles/cmTC_66ad4.dir/src.cxx.o  -o cmTC_66ad4 
/usr/bin/ld: CMakeFiles/cmTC_66ad4.dir/src.cxx.o: undefined reference to symbol 'pthread_detach@@GLIBC_2.2.5'
/usr/bin/ld: /lib/x86_64-linux-gnu/libpthread.so.0: error adding symbols: DSO missing from command line
collect2: error: ld returned 1 exit status
make[1]: *** [CMakeFiles/cmTC_66ad4.dir/build.make:87: cmTC_66ad4] Error 1
make[1]: Leaving directory '/home/xgf/code/system-learning/cpp/week10/build-sanitize/CMakeFiles/CMakeTmp'
make: *** [Makefile:121: cmTC_66ad4/fast] Error 2


Source file was:
#include <pthread.h>

void* test_func(void* data)
{
  return data;
}

int main(void)
{
  pthread_t thread;
  pthread_create(&thread, NULL, test_func, NULL);
  pthread_detach(thread);
  pthread_join(thread, NULL);
  pthread_atfork(NULL, NULL, NULL);
  pthread_exit(NULL);

  return 0;
}

Determining if the function pthread_create exists in the pthreads failed with the following output:
Change Dir: /home/xgf/code/system-learning/cpp/week10/build-sanitize/CMakeFiles/CMakeTmp

Run Build Command(s):/usr/bin/make cmTC_30a31/fast && /usr/bin/make -f CMakeFiles/cmTC_30a31.dir/build.make CMakeFiles/cmTC_30a31.dir/build
make[1]: Entering directory '/home/xgf/code/system-learning/cpp/week10/build-sanitize/CMakeFiles/CMakeTmp'
Building CXX object CMakeFiles/cmTC_30a31.dir/CheckFunctionExists.cxx.o
/usr/bin/c++    -fsanitize=address,undefined -fno-omit-frame-pointer -DCHECK_FUNCTION_EXISTS=pthread_create   -std=c++17 -o CMakeFiles/cmTC_30a31.dir/CheckFunctionExists.cxx.o -c /home/xgf/code/system-learning/cpp/week10/build-sanitize/CMakeFiles/CheckLibraryExists/CheckFunctionExists.cxx
Linking CXX executable cmTC_30a31
/usr/bin/cmake -E cmake_link_script CMakeFiles/cmTC_30a31.dir/link.txt --verbose=1
/usr/bin/c++  -fsanitize=address,undefined -fno-omit-frame-pointer -DCHECK_FUNCTION_EXISTS=pthread_create    CMakeFiles/cmTC_30a31.dir/CheckFunctionExists.cxx.o  -o cmTC_30a31  -lpthreads 
/usr/bin/ld: cannot find -lpthreads
collect2: error: ld returned 1 exit status
make[1]: *** [CMakeFiles/cmTC_30a31.dir/build.make:87: cmTC_30a31] Error 1
make[1]: Leaving directory '/home/xgf/code/system-learning/cpp/week10/build-sanitize/CMakeFiles/CMakeTmp'
make: *** [Makefile:121: cmTC_30a31/fast] Error 2



